
> ecommerce-inngest@0.1.0 build
> next build

  Γû▓ Next.js 14.2.15
  - Environments: .env

   Creating an optimized production build ...
 Γ£ô Compiled successfully
   Linting and checking validity of types ...
   Collecting page data ...
   Generating static pages (0/18) ...
   Generating static pages (4/18) 
   Generating static pages (8/18) 
   Generating static pages (13/18) 
 Γ£ô Generating static pages (18/18)
